// Jest Snapshot v1, https://goo.gl/fbAQLP

exports[`Search bar common component -  matches the snapshot 1`] = `
<div
  className="row mx-0 px-0 border col-12 test-class form-group display"
>
  <input
    className="col-12 py-1"
    onChange={[Function]}
    placeholder="Search for a version"
    type="text"
  />
</div>
`;
