// Jest Snapshot v1, https://goo.gl/fbAQLP

exports[`Image bible component -  matches the snapshot 1`] = `
Array [
  <div
    className="position-absolute w-100 h-100 background "
    style={
      Object {
        "background": "url(www.testimage.com) no-repeat center/cover",
      }
    }
  />,
  <div
    className="w-100 h-100 position-absolute"
  >
    <img
      alt="test title"
      className="w-100 h-100 img"
      src="www.testimage.com"
    />
  </div>,
]
`;
